../Core/Src/rc522.c:62:9:SPI1SendByte	32	static
../Core/Src/rc522.c:81:6:SPI1_WriteReg	16	static
../Core/Src/rc522.c:88:9:SPI1_ReadReg	24	static
../Core/Src/rc522.c:98:6:MFRC522_WriteRegister	16	static
../Core/Src/rc522.c:103:9:MFRC522_ReadRegister	24	static
../Core/Src/rc522.c:111:9:MFRC522_Check	24	static
../Core/Src/rc522.c:119:9:MFRC522_Compare	24	static
../Core/Src/rc522.c:127:6:MFRC522_SetBitMask	16	static
../Core/Src/rc522.c:131:6:MFRC522_ClearBitMask	16	static
../Core/Src/rc522.c:135:9:MFRC522_Request	32	static
../Core/Src/rc522.c:146:9:MFRC522_ToCard	40	static
../Core/Src/rc522.c:209:9:MFRC522_Anticoll	32	static
../Core/Src/rc522.c:227:6:MFRC522_CalculateCRC	40	static
../Core/Src/rc522.c:250:9:MFRC522_SelectTag	40	static
../Core/Src/rc522.c:266:9:MFRC522_Auth	48	static
../Core/Src/rc522.c:282:9:MFRC522_Read	32	static
../Core/Src/rc522.c:294:9:MFRC522_Write	48	static
../Core/Src/rc522.c:315:6:MFRC522_Init	8	static
../Core/Src/rc522.c:329:6:MFRC522_Reset	8	static
../Core/Src/rc522.c:333:6:MFRC522_AntennaOn	16	static
../Core/Src/rc522.c:340:6:MFRC522_AntennaOff	8	static
../Core/Src/rc522.c:344:6:MFRC522_Halt	24	static
